# openruntimes/handler
.\main.go:124:71: undefined: databases.WithListDocumentsQueries
.\main.go:147:75: undefined: databases.WithListDocumentsQueries
.\main.go:211:66: undefined: databases.WithListDocumentsQueries
.\main.go:226:58: undefined: databases.WithListDocumentsQueries
.\main.go:228:78: undefined: databases.WithUpdateDocumentData
